// Jest Snapshot v1, https://goo.gl/fbAQLP

exports[`Placeholder Empty 1`] = `
Array [
  Object {
    "apiVersion": "v1",
    "kind": "Secret",
    "metadata": Object {
      "name": "test-chart-secrets",
    },
    "stringData": Object {
      "MONGODB_BACKUP_PASSWORD": "backup123456",
      "MONGODB_BACKUP_USER": "backup",
      "MONGODB_CLUSTER_ADMIN_PASSWORD": "clusterAdmin123456",
      "MONGODB_CLUSTER_ADMIN_USER": "clusterAdmin",
      "MONGODB_CLUSTER_MONITOR_PASSWORD": "clusterMonitor123456",
      "MONGODB_CLUSTER_MONITOR_USER": "clusterMonitor",
      "MONGODB_USER_ADMIN_PASSWORD": "userAdmin123456",
      "MONGODB_USER_ADMIN_USER": "userAdmin",
      "PMM_SERVER_PASSWORD": "admin",
      "PMM_SERVER_USER": "admin",
    },
    "type": "Opaque",
  },
  Object {
    "apiVersion": "psmdb.percona.com/v1-12-0",
    "kind": "PerconaServerMongoDB",
    "metadata": Object {
      "finalizers": Array [
        "delete-psmdb-pods-in-order",
      ],
      "name": "test-chart-db",
    },
    "spec": Object {
      "allowUnsafeConfigurations": false,
      "backup": Object {
        "enabled": false,
        "image": "percona/percona-backup-mongodb:1.7.0",
        "pitr": Object {
          "compressionLevel": 6,
          "compressionType": "gzip",
          "enabled": false,
        },
        "serviceAccountName": "percona-server-mongodb-operator",
      },
      "crVersion": "1.12.0",
      "image": "percona/percona-server-mongodb:5.0.7-6",
      "imagePullPolicy": "Always",
      "pmm": Object {
        "enabled": false,
        "image": "percona/pmm-client:2.27.0",
        "serverHost": "monitoring-service",
      },
      "replsets": Array [
        Object {
          "arbiter": Object {
            "affinity": Object {
              "antiAffinityTopologyKey": "kubernetes.io/hostname",
            },
            "enabled": false,
            "size": 1,
          },
          "expose": Object {
            "enabled": false,
            "exposeType": "ClusterIP",
          },
          "name": "rs0",
          "nonvoting": Object {
            "affinity": Object {
              "antiAffinityTopologyKey": "kubernetes.io/hostname",
            },
            "enabled": false,
            "podDisruptionBudget": Object {
              "maxUnavailable": 1,
            },
            "resources": Object {
              "limits": Object {
                "cpu": "300m",
                "memory": "0.5G",
              },
              "requests": Object {
                "cpu": "300m",
                "memory": "0.5G",
              },
            },
            "size": 3,
            "volumeSpec": Object {
              "emptyDir": Object {},
              "hostPath": Object {
                "path": "/data",
                "type": "Directory",
              },
              "persistentVolumeClaim": Object {
                "accessModes": Array [
                  "ReadWriteOnce",
                ],
                "resources": Object {
                  "requests": Object {
                    "storage": "5Gi",
                  },
                },
                "storageClassName": "standard",
              },
            },
          },
          "podDisruptionBudget": Object {
            "maxUnavailable": 1,
          },
          "resources": Object {
            "limits": Object {
              "cpu": "300m",
              "memory": "0.5G",
            },
            "requests": Object {
              "cpu": "300m",
              "memory": "0.5G",
            },
          },
          "size": 3,
          "volumeSpec": Object {
            "persistentVolumeClaim": Object {
              "resources": Object {
                "requests": Object {
                  "storage": "5Gi",
                },
              },
            },
          },
        },
      ],
      "secrets": Object {
        "encryptionKey": "test-chart-mongodb-encryption-key",
        "users": "test-chart-secrets",
      },
      "sharding": Object {
        "configsvrReplSet": Object {
          "affinity": Object {
            "antiAffinityTopologyKey": "kubernetes.io/hostname",
          },
          "expose": Object {
            "enabled": false,
            "exposeType": "ClusterIP",
          },
          "podDisruptionBudget": Object {
            "maxUnavailable": 1,
          },
          "resources": Object {
            "limits": Object {
              "cpu": "300m",
              "memory": "0.5G",
            },
            "requests": Object {
              "cpu": "300m",
              "memory": "0.5G",
            },
          },
          "size": 3,
          "volumeSpec": Object {
            "persistentVolumeClaim": Object {
              "resources": Object {
                "requests": Object {
                  "storage": "5Gi",
                },
              },
            },
          },
        },
        "enabled": false,
        "mongos": Object {
          "affinity": Object {
            "antiAffinityTopologyKey": "kubernetes.io/hostname",
          },
          "expose": Object {
            "exposeType": "ClusterIP",
          },
          "podDisruptionBudget": Object {
            "maxUnavailable": 1,
          },
          "resources": Object {
            "limits": Object {
              "cpu": "300m",
              "memory": "0.5G",
            },
            "requests": Object {
              "cpu": "300m",
              "memory": "0.5G",
            },
          },
          "size": 3,
        },
      },
      "updateStrategy": "SmartUpdate",
      "upgradeOptions": Object {
        "apply": "5.0-recommended",
        "schedule": "0 2 * * *",
        "setFCV": false,
        "versionServiceEndpoint": "https://check.percona.com",
      },
    },
  },
]
`;
